#-----------------------------------------------------------
# xsim v2022.2 (64-bit)
# SW Build 3671981 on Fri Oct 14 04:59:54 MDT 2022
# IP Build 3669848 on Fri Oct 14 08:30:02 MDT 2022
# Start of session at: Wed Jan 24 15:15:40 2024
# Process ID: 174048
# Current directory: /home/user/GitHub/code/Repository/QueenFieldShop/learning/PROJECTS/uvm/interface/sim/verilog/verification/uvm/axi4-1d/vivado
# Command line: xsim -mode tcl -source {xsim.dir/top/xsim_script.tcl}
# Log file: /home/user/GitHub/code/Repository/QueenFieldShop/learning/PROJECTS/uvm/interface/sim/verilog/verification/uvm/axi4-1d/vivado/xsim.log
# Journal file: /home/user/GitHub/code/Repository/QueenFieldShop/learning/PROJECTS/uvm/interface/sim/verilog/verification/uvm/axi4-1d/vivado/xsim.jou
# Running On: CO-P00004L, OS: Linux, CPU Frequency: 4609.450 MHz, CPU Physical cores: 8, Host memory: 67155 MB
#-----------------------------------------------------------
source xsim.dir/top/xsim_script.tcl
# xsim {top} -testplusarg UVM_TESTNAME=peripheral_uvm_test -testplusarg UVM_VERBOSITY=UVM_LOW -autoloadwcfg -runall
Time resolution is 1 ps
run -all
UVM_INFO /opt/Xilinx/Vivado/2022.2/data/system_verilog/uvm_1.2/xlnx_uvm_package.sv(18601) @ 0: reporter [UVM/RELNOTES] 
      (Specify +UVM_NO_RELNOTES to turn off this notice)
  with `UVM_OBJECT_DO_NOT_NEED_CONSTRUCTOR undefined.

  You are using a version of the UVM library that has been compiled
  with `UVM_NO_DEPRECATED undefined.

  You are using a version of the UVM library that has been compiled

  ***********       IMPORTANT RELEASE NOTES         ************
----------------------------------------------------------------
(C) 2013-2014 NVIDIA Corporation
(C) 2011-2013 Cypress Semiconductor Corp.
(C) 2006-2014 Synopsys, Inc.
(C) 2007-2014 Cadence Design Systems, Inc.
(C) 2007-2014 Mentor Graphics Corporation


----------------------------------------------------------------

UVM_INFO /opt/Xilinx/Vivado/2022.2/data/system_verilog/uvm_1.2/xlnx_uvm_package.sv(18648) @ 0: reporter [NO_DPI_TSTNAME] UVM_NO_DPI defined--getting UVM_TESTNAME directly, without DPI
UVM_INFO @ 0: reporter [RNTST] Running test peripheral_uvm_test...
UVM_INFO /opt/Xilinx/Vivado/2022.2/data/system_verilog/uvm_1.2/xlnx_uvm_package.sv(20867) @ 0: reporter [UVM/COMP/NAMECHECK] This implementation of the component name checks requires DPI to be enabled
UVM_INFO /home/user/GitHub/code/Repository/QueenFieldShop/learning/PROJECTS/uvm/interface/library/verilog/uvm/axi4-1d/peripheral_uvm_sequence.sv(54) @ 29000: uvm_test_top.environment.agent.sequencer@@base_sequence [peripheral_uvm_sequence] Base Sequence: Inside Body
----------------------------------------------------------------------------------------------------------
UVM_ERROR /home/user/GitHub/code/Repository/QueenFieldShop/learning/PROJECTS/uvm/interface/library/verilog/uvm/axi4-1d/peripheral_uvm_scoreboard.sv(76) @ 41000: uvm_test_top.environment.scoreboard [scoreboard] Dis-Matched: Read = 0x0000; Expected = 0x973d1749
----------------------------------------------------------------------------------------------------------
UVM_INFO /home/user/GitHub/code/Repository/QueenFieldShop/learning/PROJECTS/uvm/interface/library/verilog/uvm/axi4-1d/peripheral_uvm_sequence.sv(54) @ 61000: uvm_test_top.environment.agent.sequencer@@base_sequence [peripheral_uvm_sequence] Base Sequence: Inside Body
----------------------------------------------------------------------------------------------------------
UVM_ERROR /home/user/GitHub/code/Repository/QueenFieldShop/learning/PROJECTS/uvm/interface/library/verilog/uvm/axi4-1d/peripheral_uvm_scoreboard.sv(76) @ 73000: uvm_test_top.environment.scoreboard [scoreboard] Dis-Matched: Read = 0x0000; Expected = 0xea8f30c8
----------------------------------------------------------------------------------------------------------
UVM_INFO /home/user/GitHub/code/Repository/QueenFieldShop/learning/PROJECTS/uvm/interface/library/verilog/uvm/axi4-1d/peripheral_uvm_sequence.sv(54) @ 93000: uvm_test_top.environment.agent.sequencer@@base_sequence [peripheral_uvm_sequence] Base Sequence: Inside Body
----------------------------------------------------------------------------------------------------------
UVM_ERROR /home/user/GitHub/code/Repository/QueenFieldShop/learning/PROJECTS/uvm/interface/library/verilog/uvm/axi4-1d/peripheral_uvm_scoreboard.sv(76) @ 105000: uvm_test_top.environment.scoreboard [scoreboard] Dis-Matched: Read = 0x0000; Expected = 0x2f3b6d57
----------------------------------------------------------------------------------------------------------
UVM_INFO /home/user/GitHub/code/Repository/QueenFieldShop/learning/PROJECTS/uvm/interface/library/verilog/uvm/axi4-1d/peripheral_uvm_sequence.sv(54) @ 125000: uvm_test_top.environment.agent.sequencer@@base_sequence [peripheral_uvm_sequence] Base Sequence: Inside Body
----------------------------------------------------------------------------------------------------------
UVM_ERROR /home/user/GitHub/code/Repository/QueenFieldShop/learning/PROJECTS/uvm/interface/library/verilog/uvm/axi4-1d/peripheral_uvm_scoreboard.sv(76) @ 137000: uvm_test_top.environment.scoreboard [scoreboard] Dis-Matched: Read = 0x0000; Expected = 0xd0d0f76d
----------------------------------------------------------------------------------------------------------
UVM_INFO /home/user/GitHub/code/Repository/QueenFieldShop/learning/PROJECTS/uvm/interface/library/verilog/uvm/axi4-1d/peripheral_uvm_sequence.sv(54) @ 157000: uvm_test_top.environment.agent.sequencer@@base_sequence [peripheral_uvm_sequence] Base Sequence: Inside Body
----------------------------------------------------------------------------------------------------------
UVM_ERROR /home/user/GitHub/code/Repository/QueenFieldShop/learning/PROJECTS/uvm/interface/library/verilog/uvm/axi4-1d/peripheral_uvm_scoreboard.sv(76) @ 169000: uvm_test_top.environment.scoreboard [scoreboard] Dis-Matched: Read = 0x0000; Expected = 0xc6c9f817
----------------------------------------------------------------------------------------------------------
UVM_INFO /home/user/GitHub/code/Repository/QueenFieldShop/learning/PROJECTS/uvm/interface/library/verilog/uvm/axi4-1d/peripheral_uvm_test.sv(94) @ 169000: uvm_test_top [peripheral_uvm_test] End of TestCase
UVM_INFO /opt/Xilinx/Vivado/2022.2/data/system_verilog/uvm_1.2/xlnx_uvm_package.sv(19968) @ 169000: reporter [TEST_DONE] 'run' phase is ready to proceed to the 'extract' phase
UVM_INFO /opt/Xilinx/Vivado/2022.2/data/system_verilog/uvm_1.2/xlnx_uvm_package.sv(13673) @ 169000: reporter [UVM/REPORT/SERVER] [scoreboard]     5
[peripheral_uvm_test]     1
[peripheral_uvm_sequence]     5
[UVM/RELNOTES]     1
[UVM/COMP/NAMECHECK]     1
[TEST_DONE]     1
[RNTST]     1
[NO_DPI_TSTNAME]     1
** Report counts by id
UVM_FATAL :    0
UVM_ERROR :    5
UVM_WARNING :    0
UVM_INFO :   11
** Report counts by severity

--- UVM Report Summary ---


$finish called at time : 169 ns : File "/opt/Xilinx/Vivado/2022.2/data/system_verilog/uvm_1.2/xlnx_uvm_package.sv" Line 18699
exit
INFO: [Common 17-206] Exiting xsim at Wed Jan 24 15:15:43 2024...
