Vivado Simulator v2022.2
Copyright 1986-1999, 2001-2022 Xilinx, Inc. All Rights Reserved.
Running: /opt/Xilinx/Vivado/2022.2/bin/unwrapped/lnx64.o/xelab peripheral_uvm_testbench -relax -s top -timescale 1ns/1ps 
Multi-threading is on. Using 14 slave threads.
Starting static elaboration
Pass Through NonSizing Optimizer
Completed static elaboration
Starting simulation data flow analysis
WARNING: [XSIM 43-4468] File : /proj/xbuilds/SWIP/9999.0_0921_2117/installs/lin64/Vivado/2023.1/data/system_verilog/uvm_1.2/xlnx_uvm_package.sv, Line : 25994, RANDC variable size more than 8 bits. This will be treated as a RAND variable instead.
Completed simulation data flow analysis
Time Resolution for simulation is 1ps
Compiling package work.$unit_peripheral_uvm_testbench_s...
Compiling package uvm.uvm_pkg
Compiling package std.std
Compiling module work.dr_cb
Compiling module work.rc_cb
Compiling module work.peripheral_uvm_interface
Compiling module work.peripheral_adder
Compiling module work.peripheral_uvm_testbench
Built simulation snapshot top
